// Jest Snapshot v1, https://goo.gl/fbAQLP

exports[`Text renderiza como h1 quando solicitado 1`] = `
<div>
  <h1
    class="sc-blHHSb iPvGx"
  >
    Sample text
  </h1>
</div>
`;
